// Jest Snapshot v1, https://goo.gl/fbAQLP

exports[`TabContainer Component matches the snapshot 1`] = `
ShallowWrapper {
  "length": 1,
  Symbol(enzyme.__root__): [Circular],
  Symbol(enzyme.__unrendered__): <TabContainer
    config={
      Array [
        Object {
          "component": "Dashboard",
          "icon": "line-chart",
          "key": "1",
          "label": "Dashboard",
          "path": "/dashboard",
        },
        Object {
          "component": "Todo",
          "icon": "check-circle-o",
          "key": "2",
          "label": "Tasks",
          "path": "/task",
        },
        Object {
          "component": "Divider",
          "key": "3",
        },
        Object {
          "component": "About",
          "icon": "info-circle-o",
          "key": "4",
          "label": "About App",
          "path": "/about",
        },
      ]
    }
    history={
      Object {
        "listen": [MockFunction] {
          "calls": Array [
            Array [
              [Function],
            ],
          ],
        },
        "push": [MockFunction],
      }
    }
    location={
      Object {
        "pathname": "/dashboard",
      }
    }
  />,
  Symbol(enzyme.__renderer__): Object {
    "batchedUpdates": [Function],
    "getNode": [Function],
    "render": [Function],
    "simulateEvent": [Function],
    "unmount": [Function],
  },
  Symbol(enzyme.__node__): Object {
    "instance": null,
    "key": undefined,
    "nodeType": "host",
    "props": Object {
      "children": <Tabs
        activeKey="/dashboard"
        className="custom-tabs"
        hideAdd={true}
        onChange={[Function]}
        onEdit={[Function]}
        prefixCls="ant-tabs"
        type="editable-card"
      >
        <TabPane
          disabled={true}
          placeholder={null}
          tab="Dashboard"
        >
          Dashboard
        </TabPane>
      </Tabs>,
      "className": "tab-wrapper",
    },
    "ref": null,
    "rendered": Object {
      "instance": null,
      "key": undefined,
      "nodeType": "class",
      "props": Object {
        "activeKey": "/dashboard",
        "children": Array [
          <TabPane
            disabled={true}
            placeholder={null}
            tab="Dashboard"
          >
            Dashboard
          </TabPane>,
        ],
        "className": "custom-tabs",
        "hideAdd": true,
        "onChange": [Function],
        "onEdit": [Function],
        "prefixCls": "ant-tabs",
        "type": "editable-card",
      },
      "ref": null,
      "rendered": Array [
        Object {
          "instance": null,
          "key": "/dashboard",
          "nodeType": "class",
          "props": Object {
            "children": "Dashboard",
            "disabled": true,
            "placeholder": null,
            "tab": "Dashboard",
          },
          "ref": null,
          "rendered": "Dashboard",
          "type": [Function],
        },
      ],
      "type": [Function],
    },
    "type": "div",
  },
  Symbol(enzyme.__nodes__): Array [
    Object {
      "instance": null,
      "key": undefined,
      "nodeType": "host",
      "props": Object {
        "children": <Tabs
          activeKey="/dashboard"
          className="custom-tabs"
          hideAdd={true}
          onChange={[Function]}
          onEdit={[Function]}
          prefixCls="ant-tabs"
          type="editable-card"
        >
          <TabPane
            disabled={true}
            placeholder={null}
            tab="Dashboard"
          >
            Dashboard
          </TabPane>
        </Tabs>,
        "className": "tab-wrapper",
      },
      "ref": null,
      "rendered": Object {
        "instance": null,
        "key": undefined,
        "nodeType": "class",
        "props": Object {
          "activeKey": "/dashboard",
          "children": Array [
            <TabPane
              disabled={true}
              placeholder={null}
              tab="Dashboard"
            >
              Dashboard
            </TabPane>,
          ],
          "className": "custom-tabs",
          "hideAdd": true,
          "onChange": [Function],
          "onEdit": [Function],
          "prefixCls": "ant-tabs",
          "type": "editable-card",
        },
        "ref": null,
        "rendered": Array [
          Object {
            "instance": null,
            "key": "/dashboard",
            "nodeType": "class",
            "props": Object {
              "children": "Dashboard",
              "disabled": true,
              "placeholder": null,
              "tab": "Dashboard",
            },
            "ref": null,
            "rendered": "Dashboard",
            "type": [Function],
          },
        ],
        "type": [Function],
      },
      "type": "div",
    },
  ],
  Symbol(enzyme.__options__): Object {
    "adapter": ReactSixteenAdapter {
      "options": Object {
        "enableComponentDidUpdateOnSetState": true,
      },
    },
  },
}
`;
