// Jest Snapshot v1, https://goo.gl/fbAQLP

exports[`Todo List Item Component matches the snapshot 1`] = `
ShallowWrapper {
  "length": 1,
  Symbol(enzyme.__root__): [Circular],
  Symbol(enzyme.__unrendered__): <TodoListItem
    todo={
      Object {
        "changeComplete": [MockFunction],
        "completed": true,
        "id": 1,
        "remove": [MockFunction],
        "title": "todo1",
        "userId": 1,
      }
    }
  />,
  Symbol(enzyme.__renderer__): Object {
    "batchedUpdates": [Function],
    "getNode": [Function],
    "render": [Function],
    "simulateEvent": [Function],
    "unmount": [Function],
  },
  Symbol(enzyme.__node__): Object {
    "instance": null,
    "key": undefined,
    "nodeType": "host",
    "props": Object {
      "children": Array [
        <Checkbox
          checked={true}
          indeterminate={false}
          onChange={[Function]}
          prefixCls="ant-checkbox"
        >
          todo1
        </Checkbox>,
        <Popconfirm
          cancelText="No"
          okText="Yes"
          okType="primary"
          onConfirm={[Function]}
          placement="top"
          prefixCls="ant-popover"
          title="Delete this todo, are you sure?"
          transitionName="zoom-big"
          trigger="click"
        >
          <a
            href="javascript:void(0)"
          >
            remove
          </a>
        </Popconfirm>,
      ],
      "className": "todo-list-item completed",
    },
    "ref": null,
    "rendered": Array [
      Object {
        "instance": null,
        "key": undefined,
        "nodeType": "class",
        "props": Object {
          "checked": true,
          "children": "todo1",
          "indeterminate": false,
          "onChange": [Function],
          "prefixCls": "ant-checkbox",
        },
        "ref": null,
        "rendered": "todo1",
        "type": [Function],
      },
      Object {
        "instance": null,
        "key": undefined,
        "nodeType": "class",
        "props": Object {
          "cancelText": "No",
          "children": <a
            href="javascript:void(0)"
          >
            remove
          </a>,
          "okText": "Yes",
          "okType": "primary",
          "onConfirm": [Function],
          "placement": "top",
          "prefixCls": "ant-popover",
          "title": "Delete this todo, are you sure?",
          "transitionName": "zoom-big",
          "trigger": "click",
        },
        "ref": null,
        "rendered": Object {
          "instance": null,
          "key": undefined,
          "nodeType": "host",
          "props": Object {
            "children": "remove",
            "href": "javascript:void(0)",
          },
          "ref": null,
          "rendered": "remove",
          "type": "a",
        },
        "type": [Function],
      },
    ],
    "type": "li",
  },
  Symbol(enzyme.__nodes__): Array [
    Object {
      "instance": null,
      "key": undefined,
      "nodeType": "host",
      "props": Object {
        "children": Array [
          <Checkbox
            checked={true}
            indeterminate={false}
            onChange={[Function]}
            prefixCls="ant-checkbox"
          >
            todo1
          </Checkbox>,
          <Popconfirm
            cancelText="No"
            okText="Yes"
            okType="primary"
            onConfirm={[Function]}
            placement="top"
            prefixCls="ant-popover"
            title="Delete this todo, are you sure?"
            transitionName="zoom-big"
            trigger="click"
          >
            <a
              href="javascript:void(0)"
            >
              remove
            </a>
          </Popconfirm>,
        ],
        "className": "todo-list-item completed",
      },
      "ref": null,
      "rendered": Array [
        Object {
          "instance": null,
          "key": undefined,
          "nodeType": "class",
          "props": Object {
            "checked": true,
            "children": "todo1",
            "indeterminate": false,
            "onChange": [Function],
            "prefixCls": "ant-checkbox",
          },
          "ref": null,
          "rendered": "todo1",
          "type": [Function],
        },
        Object {
          "instance": null,
          "key": undefined,
          "nodeType": "class",
          "props": Object {
            "cancelText": "No",
            "children": <a
              href="javascript:void(0)"
            >
              remove
            </a>,
            "okText": "Yes",
            "okType": "primary",
            "onConfirm": [Function],
            "placement": "top",
            "prefixCls": "ant-popover",
            "title": "Delete this todo, are you sure?",
            "transitionName": "zoom-big",
            "trigger": "click",
          },
          "ref": null,
          "rendered": Object {
            "instance": null,
            "key": undefined,
            "nodeType": "host",
            "props": Object {
              "children": "remove",
              "href": "javascript:void(0)",
            },
            "ref": null,
            "rendered": "remove",
            "type": "a",
          },
          "type": [Function],
        },
      ],
      "type": "li",
    },
  ],
  Symbol(enzyme.__options__): Object {
    "adapter": ReactSixteenAdapter {
      "options": Object {
        "enableComponentDidUpdateOnSetState": true,
      },
    },
  },
}
`;
